<html>
<body>
<pre>
<h1>µVision Build Log</h1>
<h2>Project:</h2>
E:\SOURABH\E&TC\DEGREE\TY Degree 1st SEM\RTES\proteus arm2148 practicals\LED\CODE\led.uvproj
Project File Date:  10/11/2018

<h2>Output:</h2>
Build target 'Target 1'
compiling EXP1.c...
EXP1.c(23): warning:  #1-D: last line of file ends without a newline
EXP1.c:   }
EXP1.c:    ^
EXP1.c: EXP1.c: 1 warning, 0 errors
linking...
Program Size: Code=600 RO-data=16 RW-data=0 ZI-data=1256  
FromELF: creating hex file...
"led.axf" - 0 Error(s), 1 Warning(s).
Build target 'Target 1'
assembling Startup.s...
compiling EXP1.c...
EXP1.c(23): warning:  #1-D: last line of file ends without a newline
EXP1.c:   }
EXP1.c:    ^
EXP1.c: EXP1.c: 1 warning, 0 errors
linking...
Program Size: Code=600 RO-data=16 RW-data=0 ZI-data=1256  
FromELF: creating hex file...
"led.axf" - 0 Error(s), 1 Warning(s).
Build target 'Target 1'
compiling EXP1.c...
EXP1.c(23): warning:  #1-D: last line of file ends without a newline
EXP1.c:   }
EXP1.c:    ^
EXP1.c: EXP1.c: 1 warning, 0 errors
linking...
Program Size: Code=600 RO-data=16 RW-data=0 ZI-data=1256  
FromELF: creating hex file...
"led.axf" - 0 Error(s), 1 Warning(s).
Build target 'Target 1'
compiling EXP1.c...
EXP1.c(23): warning:  #1-D: last line of file ends without a newline
EXP1.c:   }
EXP1.c:    ^
EXP1.c: EXP1.c: 1 warning, 0 errors
linking...
Program Size: Code=600 RO-data=16 RW-data=0 ZI-data=1256  
FromELF: creating hex file...
"led.axf" - 0 Error(s), 1 Warning(s).
